{"synthetic": false,
 "schemaVersion": "2025-09-10",
 "outputs":
 {"o": ["f25d025fdba9e9c3.olean"],
  "m": false,
  "i": "3e3995220e14e1cc.ilean",
  "c": "51c9027acf657467.c"},
 "log":
 [{"message":
   ".> LEAN_PATH=F:\\projects\\leanprojects\\wellfound\\Multi\\.lake\\build\\lib\\lean c:\\Users\\Owner\\.elan\\toolchains\\leanprover--lean4---v4.34.0\\bin\\lean.exe F:\\projects\\leanprojects\\wellfound\\Multi\\Multi\\OCF\\Hierarchy.lean -o F:\\projects\\leanprojects\\wellfound\\Multi\\.lake\\build\\lib\\lean\\Multi\\OCF\\Hierarchy.olean -i F:\\projects\\leanprojects\\wellfound\\Multi\\.lake\\build\\lib\\lean\\Multi\\OCF\\Hierarchy.ilean -c F:\\projects\\leanprojects\\wellfound\\Multi\\.lake\\build\\ir\\Multi\\OCF\\Hierarchy.c --setup F:\\projects\\leanprojects\\wellfound\\Multi\\.lake\\build\\ir\\Multi\\OCF\\Hierarchy.setup.json --json",
   "level": "trace"}],
 "inputs":
 [["deps",
   [["Multi/Multi:extraDep", [["@Multi:extraDep", "00000000000006bb"]]],
    ["imports",
     [["Multi.OCF.Collapse transitive imports (legacy)", "e5a8e527945efc68"],
      ["Multi.OCF.Collapse:importAllArts", "85dd02886abb861b"],
      ["Multi.OCF.Principal transitive imports (legacy)", "0e3ded779073cd8a"],
      ["Multi.OCF.Principal:importAllArts", "cada8b559f56e58c"]]]]],
  ["libs",
   [["import dynlibs", "00000000000006bb"],
    ["package external libraries", "00000000000006bb"],
    ["module dynlibs", "00000000000006bb"],
    ["module plugins", "00000000000006bb"]]],
  ["Lean 4.34.0, commit 293d5d0c0c3f3dded4688b3ccd6a33939ac5102b",
   "a1c6c7aa3e9abfe7"],
  ["F:\\projects\\leanprojects\\wellfound\\Multi\\Multi\\OCF\\Hierarchy.lean",
   "a22fe21c17f566b4"],
  ["options", "00000000000006bb"],
  ["isModule: false", "feefd2a0d3a1847e"],
  ["Module.name: Multi.OCF.Hierarchy", "bad75ed23ae00674"],
  ["Package.id?: (some Multi)", "11fc43bb8a52a84e"],
  ["Module.leanArgs: #[]", "00000000000006bb"]],
 "depHash": "4f9f470a26391cb2"}