{"synthetic": false,
 "schemaVersion": "2025-09-10",
 "outputs":
 {"o": ["7ce9ee61d3789997.olean"],
  "m": false,
  "i": "406bc76f7c747dfe.ilean",
  "c": "4216c734fcc77485.c"},
 "log":
 [{"message":
   ".> LEAN_PATH=F:\\projects\\leanprojects\\wellfound\\Multi\\.lake\\build\\lib\\lean c:\\Users\\Owner\\.elan\\toolchains\\leanprover--lean4---v4.34.0\\bin\\lean.exe F:\\projects\\leanprojects\\wellfound\\Multi\\Multi\\OCF\\Term2Interpretation.lean -o F:\\projects\\leanprojects\\wellfound\\Multi\\.lake\\build\\lib\\lean\\Multi\\OCF\\Term2Interpretation.olean -i F:\\projects\\leanprojects\\wellfound\\Multi\\.lake\\build\\lib\\lean\\Multi\\OCF\\Term2Interpretation.ilean -c F:\\projects\\leanprojects\\wellfound\\Multi\\.lake\\build\\ir\\Multi\\OCF\\Term2Interpretation.c --setup F:\\projects\\leanprojects\\wellfound\\Multi\\.lake\\build\\ir\\Multi\\OCF\\Term2Interpretation.setup.json --json",
   "level": "trace"}],
 "inputs":
 [["deps",
   [["Multi/Multi:extraDep", [["@Multi:extraDep", "00000000000006bb"]]],
    ["imports",
     [["Multi.Term2Syntax transitive imports (legacy)", "d55358291272c8b5"],
      ["Multi.Term2Syntax:importAllArts", "0db33685494975a5"],
      ["Multi.OCF.Hierarchy transitive imports (legacy)", "476334208bd66cfc"],
      ["Multi.OCF.Hierarchy:importAllArts", "ef9eb6f4428e27dc"]]]]],
  ["libs",
   [["import dynlibs", "00000000000006bb"],
    ["package external libraries", "00000000000006bb"],
    ["module dynlibs", "00000000000006bb"],
    ["module plugins", "00000000000006bb"]]],
  ["Lean 4.34.0, commit 293d5d0c0c3f3dded4688b3ccd6a33939ac5102b",
   "a1c6c7aa3e9abfe7"],
  ["F:\\projects\\leanprojects\\wellfound\\Multi\\Multi\\OCF\\Term2Interpretation.lean",
   "486995134352ecf4"],
  ["options", "00000000000006bb"],
  ["isModule: false", "feefd2a0d3a1847e"],
  ["Module.name: Multi.OCF.Term2Interpretation", "0d78dd9a29dcd28c"],
  ["Package.id?: (some Multi)", "11fc43bb8a52a84e"],
  ["Module.leanArgs: #[]", "00000000000006bb"]],
 "depHash": "e91ab651e0a46e90"}