{"synthetic": false,
 "schemaVersion": "2025-09-10",
 "outputs":
 {"o": ["7a64ee021af8f9d5.olean"],
  "m": false,
  "i": "159585b9ed578c2c.ilean",
  "c": "e295492eb5bb904c.c"},
 "log":
 [{"message":
   ".> LEAN_PATH=F:\\projects\\leanprojects\\wellfound\\Multi\\.lake\\build\\lib\\lean c:\\Users\\Owner\\.elan\\toolchains\\leanprover--lean4---v4.34.0\\bin\\lean.exe F:\\projects\\leanprojects\\wellfound\\Multi\\Main.lean -o F:\\projects\\leanprojects\\wellfound\\Multi\\.lake\\build\\lib\\lean\\Main.olean -i F:\\projects\\leanprojects\\wellfound\\Multi\\.lake\\build\\lib\\lean\\Main.ilean -c F:\\projects\\leanprojects\\wellfound\\Multi\\.lake\\build\\ir\\Main.c --setup F:\\projects\\leanprojects\\wellfound\\Multi\\.lake\\build\\ir\\Main.setup.json --json",
   "level": "trace"}],
 "inputs":
 [["deps",
   [["Multi/multi:extraDep", [["@Multi:extraDep", "00000000000006bb"]]],
    ["imports",
     [["Multi transitive imports (legacy)", "67ffde2fbda48fc7"],
      ["Multi:importAllArts", "b65ff114ed23a8ba"]]]]],
  ["libs",
   [["import dynlibs", "00000000000006bb"],
    ["package external libraries", "00000000000006bb"],
    ["module dynlibs", "00000000000006bb"],
    ["module plugins", "00000000000006bb"]]],
  ["Lean 4.34.0, commit 293d5d0c0c3f3dded4688b3ccd6a33939ac5102b",
   "a1c6c7aa3e9abfe7"],
  ["F:\\projects\\leanprojects\\wellfound\\Multi\\Main.lean",
   "eea9426dbdf7d0c6"],
  ["options", "00000000000006bb"],
  ["isModule: false", "feefd2a0d3a1847e"],
  ["Module.name: Main", "f2a1fd945cf30c62"],
  ["Package.id?: (some Multi)", "11fc43bb8a52a84e"],
  ["Module.leanArgs: #[]", "00000000000006bb"]],
 "depHash": "20225f96ac1522fa"}