{"synthetic": false,
 "schemaVersion": "2025-09-10",
 "outputs":
 {"o": ["bbe925f2c7705bed.olean"],
  "m": false,
  "i": "0b68a59850376888.ilean",
  "c": "7318a236d4db5563.c"},
 "log":
 [{"message":
   ".> LEAN_PATH=F:\\projects\\leanprojects\\wellfound\\Multi\\.lake\\build\\lib\\lean c:\\Users\\Owner\\.elan\\toolchains\\leanprover--lean4---v4.34.0\\bin\\lean.exe F:\\projects\\leanprojects\\wellfound\\Multi\\Multi\\term2\\OCF\\Hierarchy.lean -o F:\\projects\\leanprojects\\wellfound\\Multi\\.lake\\build\\lib\\lean\\Multi\\term2\\OCF\\Hierarchy.olean -i F:\\projects\\leanprojects\\wellfound\\Multi\\.lake\\build\\lib\\lean\\Multi\\term2\\OCF\\Hierarchy.ilean -c F:\\projects\\leanprojects\\wellfound\\Multi\\.lake\\build\\ir\\Multi\\term2\\OCF\\Hierarchy.c --setup F:\\projects\\leanprojects\\wellfound\\Multi\\.lake\\build\\ir\\Multi\\term2\\OCF\\Hierarchy.setup.json --json",
   "level": "trace"}],
 "inputs":
 [["deps",
   [["Multi/Multi:extraDep", [["@Multi:extraDep", "00000000000006bb"]]],
    ["imports",
     [["Multi.term2.OCF.Collapse transitive imports (legacy)",
       "12b405b197ca873f"],
      ["Multi.term2.OCF.Collapse:importAllArts", "d72614568c92a44c"],
      ["Multi.term2.OCF.Principal transitive imports (legacy)",
       "a715f8688a7e50cd"],
      ["Multi.term2.OCF.Principal:importAllArts", "b04117af7a9bf0a1"]]]]],
  ["libs",
   [["import dynlibs", "00000000000006bb"],
    ["package external libraries", "00000000000006bb"],
    ["module dynlibs", "00000000000006bb"],
    ["module plugins", "00000000000006bb"]]],
  ["Lean 4.34.0, commit 293d5d0c0c3f3dded4688b3ccd6a33939ac5102b",
   "a1c6c7aa3e9abfe7"],
  ["F:\\projects\\leanprojects\\wellfound\\Multi\\Multi\\term2\\OCF\\Hierarchy.lean",
   "8a9808af6c2b81e9"],
  ["options", "00000000000006bb"],
  ["isModule: false", "feefd2a0d3a1847e"],
  ["Module.name: Multi.term2.OCF.Hierarchy", "d09112e0db600e09"],
  ["Package.id?: (some Multi)", "11fc43bb8a52a84e"],
  ["Module.leanArgs: #[]", "00000000000006bb"]],
 "depHash": "abe22e93877b80f6"}