{"synthetic": false,
 "schemaVersion": "2025-09-10",
 "outputs":
 {"o": ["a9ab0ef8c18ed086.olean"],
  "m": false,
  "i": "9778baf9b393d536.ilean",
  "c": "fd1957c2ad56bae3.c"},
 "log":
 [{"message":
   ".> LEAN_PATH=F:\\projects\\leanprojects\\wellfound\\Multi\\.lake\\build\\lib\\lean c:\\Users\\Owner\\.elan\\toolchains\\leanprover--lean4---v4.34.0\\bin\\lean.exe F:\\projects\\leanprojects\\wellfound\\Multi\\Multi\\term2\\OCF\\Term2Interpretation.lean -o F:\\projects\\leanprojects\\wellfound\\Multi\\.lake\\build\\lib\\lean\\Multi\\term2\\OCF\\Term2Interpretation.olean -i F:\\projects\\leanprojects\\wellfound\\Multi\\.lake\\build\\lib\\lean\\Multi\\term2\\OCF\\Term2Interpretation.ilean -c F:\\projects\\leanprojects\\wellfound\\Multi\\.lake\\build\\ir\\Multi\\term2\\OCF\\Term2Interpretation.c --setup F:\\projects\\leanprojects\\wellfound\\Multi\\.lake\\build\\ir\\Multi\\term2\\OCF\\Term2Interpretation.setup.json --json",
   "level": "trace"}],
 "inputs":
 [["deps",
   [["Multi/Multi:extraDep", [["@Multi:extraDep", "00000000000006bb"]]],
    ["imports",
     [["Multi.term2.Term2Syntax transitive imports (legacy)",
       "d55358291272c8b5"],
      ["Multi.term2.Term2Syntax:importAllArts", "524fcfefb4c501a5"],
      ["Multi.term2.OCF.Hierarchy transitive imports (legacy)",
       "b63c1b6446c0a850"],
      ["Multi.term2.OCF.Hierarchy:importAllArts", "ec748920be87c265"]]]]],
  ["libs",
   [["import dynlibs", "00000000000006bb"],
    ["package external libraries", "00000000000006bb"],
    ["module dynlibs", "00000000000006bb"],
    ["module plugins", "00000000000006bb"]]],
  ["Lean 4.34.0, commit 293d5d0c0c3f3dded4688b3ccd6a33939ac5102b",
   "a1c6c7aa3e9abfe7"],
  ["F:\\projects\\leanprojects\\wellfound\\Multi\\Multi\\term2\\OCF\\Term2Interpretation.lean",
   "a902bdd4af5d749e"],
  ["options", "00000000000006bb"],
  ["isModule: false", "feefd2a0d3a1847e"],
  ["Module.name: Multi.term2.OCF.Term2Interpretation", "85b5916e5050e225"],
  ["Package.id?: (some Multi)", "11fc43bb8a52a84e"],
  ["Module.leanArgs: #[]", "00000000000006bb"]],
 "depHash": "ae34fa59d04bbb6a"}