{"synthetic": false,
 "schemaVersion": "2025-09-10",
 "outputs":
 {"o": ["6402b1a68fba0fc6.olean"],
  "m": false,
  "i": "65a24086bac4238d.ilean",
  "c": "f3b97f26f571535a.c"},
 "log":
 [{"message":
   ".> LEAN_PATH=F:\\projects\\leanprojects\\wellfound\\Multi\\.lake\\build\\lib\\lean c:\\Users\\Owner\\.elan\\toolchains\\leanprover--lean4---v4.34.0\\bin\\lean.exe F:\\projects\\leanprojects\\wellfound\\Multi\\Multi\\term3\\Term3Syntax.lean -o F:\\projects\\leanprojects\\wellfound\\Multi\\.lake\\build\\lib\\lean\\Multi\\term3\\Term3Syntax.olean -i F:\\projects\\leanprojects\\wellfound\\Multi\\.lake\\build\\lib\\lean\\Multi\\term3\\Term3Syntax.ilean -c F:\\projects\\leanprojects\\wellfound\\Multi\\.lake\\build\\ir\\Multi\\term3\\Term3Syntax.c --setup F:\\projects\\leanprojects\\wellfound\\Multi\\.lake\\build\\ir\\Multi\\term3\\Term3Syntax.setup.json --json",
   "level": "trace"}],
 "inputs":
 [["deps",
   [["Multi/Multi:extraDep", [["@Multi:extraDep", "00000000000006bb"]]],
    ["imports",
     [["Multi.order transitive imports (legacy)", "00000000000006bb"],
      ["Multi.order:importAllArts", "03da3f02adba7a7a"]]]]],
  ["libs",
   [["import dynlibs", "00000000000006bb"],
    ["package external libraries", "00000000000006bb"],
    ["module dynlibs", "00000000000006bb"],
    ["module plugins", "00000000000006bb"]]],
  ["Lean 4.34.0, commit 293d5d0c0c3f3dded4688b3ccd6a33939ac5102b",
   "a1c6c7aa3e9abfe7"],
  ["F:\\projects\\leanprojects\\wellfound\\Multi\\Multi\\term3\\Term3Syntax.lean",
   "37359efad7331326"],
  ["options", "00000000000006bb"],
  ["isModule: false", "feefd2a0d3a1847e"],
  ["Module.name: Multi.term3.Term3Syntax", "59b39bfb630ceda3"],
  ["Package.id?: (some Multi)", "11fc43bb8a52a84e"],
  ["Module.leanArgs: #[]", "00000000000006bb"]],
 "depHash": "0cefc03969059553"}