{"synthetic": false,
 "schemaVersion": "2025-09-10",
 "outputs":
 {"o": ["1caad1356ce34af0.olean"],
  "m": false,
  "i": "6e1c9ab4b3dd80e0.ilean",
  "c": "c9b7223a5c8f2a1a.c"},
 "log":
 [{"message":
   ".> LEAN_PATH=F:\\projects\\leanprojects\\wellfound\\Multi\\.lake\\build\\lib\\lean c:\\Users\\Owner\\.elan\\toolchains\\leanprover--lean4---v4.34.0\\bin\\lean.exe F:\\projects\\leanprojects\\wellfound\\Multi\\Multi\\term2\\Constructive\\Term2Closure.lean -o F:\\projects\\leanprojects\\wellfound\\Multi\\.lake\\build\\lib\\lean\\Multi\\term2\\Constructive\\Term2Closure.olean -i F:\\projects\\leanprojects\\wellfound\\Multi\\.lake\\build\\lib\\lean\\Multi\\term2\\Constructive\\Term2Closure.ilean -c F:\\projects\\leanprojects\\wellfound\\Multi\\.lake\\build\\ir\\Multi\\term2\\Constructive\\Term2Closure.c --setup F:\\projects\\leanprojects\\wellfound\\Multi\\.lake\\build\\ir\\Multi\\term2\\Constructive\\Term2Closure.setup.json --json",
   "level": "trace"}],
 "inputs":
 [["deps",
   [["Multi/Multi:extraDep", [["@Multi:extraDep", "00000000000006bb"]]],
    ["imports",
     [["Multi.term2.Constructive.Term2Universal transitive imports (legacy)",
       "a15a241f0a189b07"],
      ["Multi.term2.Constructive.Term2Universal:importAllArts",
       "8acf54dc18b29499"]]]]],
  ["libs",
   [["import dynlibs", "00000000000006bb"],
    ["package external libraries", "00000000000006bb"],
    ["module dynlibs", "00000000000006bb"],
    ["module plugins", "00000000000006bb"]]],
  ["Lean 4.34.0, commit 293d5d0c0c3f3dded4688b3ccd6a33939ac5102b",
   "a1c6c7aa3e9abfe7"],
  ["F:\\projects\\leanprojects\\wellfound\\Multi\\Multi\\term2\\Constructive\\Term2Closure.lean",
   "96c1041c2a231643"],
  ["options", "00000000000006bb"],
  ["isModule: false", "feefd2a0d3a1847e"],
  ["Module.name: Multi.term2.Constructive.Term2Closure", "8ec01bfed54696c1"],
  ["Package.id?: (some Multi)", "11fc43bb8a52a84e"],
  ["Module.leanArgs: #[]", "00000000000006bb"]],
 "depHash": "2a4bc2332794a7ed"}