{"synthetic": false,
 "schemaVersion": "2025-09-10",
 "outputs":
 {"o": ["91e09575e7f45ba3.olean"],
  "m": false,
  "i": "b53ccbe6f3689466.ilean",
  "c": "8c2dec6b91a8a213.c"},
 "log":
 [{"message":
   ".> LEAN_PATH=F:\\projects\\leanprojects\\wellfound\\Multi\\.lake\\build\\lib\\lean c:\\Users\\Owner\\.elan\\toolchains\\leanprover--lean4---v4.34.0\\bin\\lean.exe F:\\projects\\leanprojects\\wellfound\\Multi\\Multi\\term2\\Constructive\\Term2.lean -o F:\\projects\\leanprojects\\wellfound\\Multi\\.lake\\build\\lib\\lean\\Multi\\term2\\Constructive\\Term2.olean -i F:\\projects\\leanprojects\\wellfound\\Multi\\.lake\\build\\lib\\lean\\Multi\\term2\\Constructive\\Term2.ilean -c F:\\projects\\leanprojects\\wellfound\\Multi\\.lake\\build\\ir\\Multi\\term2\\Constructive\\Term2.c --setup F:\\projects\\leanprojects\\wellfound\\Multi\\.lake\\build\\ir\\Multi\\term2\\Constructive\\Term2.setup.json --json",
   "level": "trace"}],
 "inputs":
 [["deps",
   [["Multi/Multi:extraDep", [["@Multi:extraDep", "00000000000006bb"]]],
    ["imports",
     [["Multi.term2.Term2Consequences transitive imports (legacy)",
       "397887537983d04a"],
      ["Multi.term2.Term2Consequences:importAllArts", "0a9f585aa6099b6a"],
      ["Multi.term2.Constructive.Term2Closure transitive imports (legacy)",
       "eda1d3778ed5ceb4"],
      ["Multi.term2.Constructive.Term2Closure:importAllArts",
       "77a9a59c2f1186bf"]]]]],
  ["libs",
   [["import dynlibs", "00000000000006bb"],
    ["package external libraries", "00000000000006bb"],
    ["module dynlibs", "00000000000006bb"],
    ["module plugins", "00000000000006bb"]]],
  ["Lean 4.34.0, commit 293d5d0c0c3f3dded4688b3ccd6a33939ac5102b",
   "a1c6c7aa3e9abfe7"],
  ["F:\\projects\\leanprojects\\wellfound\\Multi\\Multi\\term2\\Constructive\\Term2.lean",
   "b55b801dbd1aa240"],
  ["options", "00000000000006bb"],
  ["isModule: false", "feefd2a0d3a1847e"],
  ["Module.name: Multi.term2.Constructive.Term2", "eae99c2f9d6f000b"],
  ["Package.id?: (some Multi)", "11fc43bb8a52a84e"],
  ["Module.leanArgs: #[]", "00000000000006bb"]],
 "depHash": "9e7711bca11529c8"}