{"synthetic": false,
 "schemaVersion": "2025-09-10",
 "outputs":
 {"o": ["576d80bb2e883752.olean"],
  "m": false,
  "i": "8b03b1713308a4e5.ilean",
  "c": "563a958fa79c347e.c"},
 "log":
 [{"message":
   ".> LEAN_PATH=F:\\projects\\leanprojects\\wellfound\\Multi\\.lake\\build\\lib\\lean c:\\Users\\Owner\\.elan\\toolchains\\leanprover--lean4---v4.34.0\\bin\\lean.exe F:\\projects\\leanprojects\\wellfound\\Multi\\Multi\\term2\\Constructive\\Term2Commutation.lean -o F:\\projects\\leanprojects\\wellfound\\Multi\\.lake\\build\\lib\\lean\\Multi\\term2\\Constructive\\Term2Commutation.olean -i F:\\projects\\leanprojects\\wellfound\\Multi\\.lake\\build\\lib\\lean\\Multi\\term2\\Constructive\\Term2Commutation.ilean -c F:\\projects\\leanprojects\\wellfound\\Multi\\.lake\\build\\ir\\Multi\\term2\\Constructive\\Term2Commutation.c --setup F:\\projects\\leanprojects\\wellfound\\Multi\\.lake\\build\\ir\\Multi\\term2\\Constructive\\Term2Commutation.setup.json --json",
   "level": "trace"}],
 "inputs":
 [["deps",
   [["Multi/Multi:extraDep", [["@Multi:extraDep", "00000000000006bb"]]],
    ["imports",
     [["Multi.term2.Constructive.Term2Anchors transitive imports (legacy)",
       "f6d89763e9b26f8a"],
      ["Multi.term2.Constructive.Term2Anchors:importAllArts",
       "63892a52a033be28"]]]]],
  ["libs",
   [["import dynlibs", "00000000000006bb"],
    ["package external libraries", "00000000000006bb"],
    ["module dynlibs", "00000000000006bb"],
    ["module plugins", "00000000000006bb"]]],
  ["Lean 4.34.0, commit 293d5d0c0c3f3dded4688b3ccd6a33939ac5102b",
   "a1c6c7aa3e9abfe7"],
  ["F:\\projects\\leanprojects\\wellfound\\Multi\\Multi\\term2\\Constructive\\Term2Commutation.lean",
   "5e28cf1aa47cbe41"],
  ["options", "00000000000006bb"],
  ["isModule: false", "feefd2a0d3a1847e"],
  ["Module.name: Multi.term2.Constructive.Term2Commutation",
   "20998b473bc4c68b"],
  ["Package.id?: (some Multi)", "11fc43bb8a52a84e"],
  ["Module.leanArgs: #[]", "00000000000006bb"]],
 "depHash": "21d805818c3223ad"}