{"synthetic": false,
 "schemaVersion": "2025-09-10",
 "outputs":
 {"o": ["d1f881f5e40f81c9.olean"],
  "m": false,
  "i": "13774d9a14b1cd4a.ilean",
  "c": "8a1bd8ad9bc276a2.c"},
 "log":
 [{"message":
   ".> LEAN_PATH=F:\\projects\\leanprojects\\wellfound\\Multi\\.lake\\build\\lib\\lean c:\\Users\\Owner\\.elan\\toolchains\\leanprover--lean4---v4.34.0\\bin\\lean.exe F:\\projects\\leanprojects\\wellfound\\Multi\\Multi\\term2\\Constructive\\Term2Stages.lean -o F:\\projects\\leanprojects\\wellfound\\Multi\\.lake\\build\\lib\\lean\\Multi\\term2\\Constructive\\Term2Stages.olean -i F:\\projects\\leanprojects\\wellfound\\Multi\\.lake\\build\\lib\\lean\\Multi\\term2\\Constructive\\Term2Stages.ilean -c F:\\projects\\leanprojects\\wellfound\\Multi\\.lake\\build\\ir\\Multi\\term2\\Constructive\\Term2Stages.c --setup F:\\projects\\leanprojects\\wellfound\\Multi\\.lake\\build\\ir\\Multi\\term2\\Constructive\\Term2Stages.setup.json --json",
   "level": "trace"}],
 "inputs":
 [["deps",
   [["Multi/Multi:extraDep", [["@Multi:extraDep", "00000000000006bb"]]],
    ["imports",
     [["Multi.term2.Term2Syntax transitive imports (legacy)",
       "bc8f874f6938b693"],
      ["Multi.term2.Term2Syntax:importAllArts", "524fcfefb4c501a5"],
      ["Multi.Stages transitive imports (legacy)", "00000000000006bb"],
      ["Multi.Stages:importAllArts", "a56684b6ce1e0ea2"]]]]],
  ["libs",
   [["import dynlibs", "00000000000006bb"],
    ["package external libraries", "00000000000006bb"],
    ["module dynlibs", "00000000000006bb"],
    ["module plugins", "00000000000006bb"]]],
  ["Lean 4.34.0, commit 293d5d0c0c3f3dded4688b3ccd6a33939ac5102b",
   "a1c6c7aa3e9abfe7"],
  ["F:\\projects\\leanprojects\\wellfound\\Multi\\Multi\\term2\\Constructive\\Term2Stages.lean",
   "8a130d79cfa40fae"],
  ["options", "00000000000006bb"],
  ["isModule: false", "feefd2a0d3a1847e"],
  ["Module.name: Multi.term2.Constructive.Term2Stages", "0801c683915bc1b1"],
  ["Package.id?: (some Multi)", "11fc43bb8a52a84e"],
  ["Module.leanArgs: #[]", "00000000000006bb"]],
 "depHash": "221c084494f77589"}