{"synthetic": false,
 "schemaVersion": "2025-09-10",
 "outputs":
 {"o": ["f47e2c51a4b58ca1.olean"],
  "m": false,
  "i": "0e90bf69b90ca902.ilean",
  "c": "9a7296c9cb52e17b.c"},
 "log":
 [{"message":
   ".> LEAN_PATH=F:\\projects\\leanprojects\\wellfound\\Multi\\.lake\\build\\lib\\lean c:\\Users\\Owner\\.elan\\toolchains\\leanprover--lean4---v4.34.0\\bin\\lean.exe F:\\projects\\leanprojects\\wellfound\\Multi\\Multi\\Constructive\\Term2Audit.lean -o F:\\projects\\leanprojects\\wellfound\\Multi\\.lake\\build\\lib\\lean\\Multi\\Constructive\\Term2Audit.olean -i F:\\projects\\leanprojects\\wellfound\\Multi\\.lake\\build\\lib\\lean\\Multi\\Constructive\\Term2Audit.ilean -c F:\\projects\\leanprojects\\wellfound\\Multi\\.lake\\build\\ir\\Multi\\Constructive\\Term2Audit.c --setup F:\\projects\\leanprojects\\wellfound\\Multi\\.lake\\build\\ir\\Multi\\Constructive\\Term2Audit.setup.json --json",
   "level": "trace"},
  {"message":
   "Multi/Constructive/Term2Audit.lean:7:0: 'T.NF_is_wellfounded' depends on axioms: [propext, Quot.sound]",
   "level": "info"},
  {"message":
   "Multi/Constructive/Term2Audit.lean:8:0: 'T.OT_is_NF' depends on axioms: [propext, Quot.sound]",
   "level": "info"},
  {"message":
   "Multi/Constructive/Term2Audit.lean:9:0: 'T.OT_is_wellfounded' depends on axioms: [propext, Quot.sound]",
   "level": "info"},
  {"message":
   "Multi/Constructive/Term2Audit.lean:12:0: Checked 535 project declarations: only propext and Quot.sound are permitted.",
   "level": "info"}],
 "inputs":
 [["deps",
   [["Multi/Multi:extraDep", [["@Multi:extraDep", "00000000000006bb"]]],
    ["imports",
     [["Multi.term2 transitive imports (legacy)", "dbc0ef65cc259620"],
      ["Multi.term2:importAllArts", "9a8bb528dfab4329"]]]]],
  ["libs",
   [["import dynlibs", "00000000000006bb"],
    ["package external libraries", "00000000000006bb"],
    ["module dynlibs", "00000000000006bb"],
    ["module plugins", "00000000000006bb"]]],
  ["Lean 4.34.0, commit 293d5d0c0c3f3dded4688b3ccd6a33939ac5102b",
   "a1c6c7aa3e9abfe7"],
  ["F:\\projects\\leanprojects\\wellfound\\Multi\\Multi\\Constructive\\Term2Audit.lean",
   "94630fd3ecb368b2"],
  ["options", "00000000000006bb"],
  ["isModule: false", "feefd2a0d3a1847e"],
  ["Module.name: Multi.Constructive.Term2Audit", "8de1c740473911d9"],
  ["Package.id?: (some Multi)", "11fc43bb8a52a84e"],
  ["Module.leanArgs: #[]", "00000000000006bb"]],
 "depHash": "7f984a7812f21b95"}