{"synthetic": false,
 "schemaVersion": "2025-09-10",
 "outputs":
 {"o": ["1f931077fdb3a994.olean"],
  "m": false,
  "i": "a3d81b994894a933.ilean",
  "c": "c632140678852dad.c"},
 "log":
 [{"message":
   ".> LEAN_PATH=F:\\projects\\leanprojects\\wellfound\\Multi\\.lake\\build\\lib\\lean c:\\Users\\Owner\\.elan\\toolchains\\leanprover--lean4---v4.34.0\\bin\\lean.exe F:\\projects\\leanprojects\\wellfound\\Multi\\Multi\\Constructive\\Term2.lean -o F:\\projects\\leanprojects\\wellfound\\Multi\\.lake\\build\\lib\\lean\\Multi\\Constructive\\Term2.olean -i F:\\projects\\leanprojects\\wellfound\\Multi\\.lake\\build\\lib\\lean\\Multi\\Constructive\\Term2.ilean -c F:\\projects\\leanprojects\\wellfound\\Multi\\.lake\\build\\ir\\Multi\\Constructive\\Term2.c --setup F:\\projects\\leanprojects\\wellfound\\Multi\\.lake\\build\\ir\\Multi\\Constructive\\Term2.setup.json --json",
   "level": "trace"}],
 "inputs":
 [["deps",
   [["Multi/Multi:extraDep", [["@Multi:extraDep", "00000000000006bb"]]],
    ["imports",
     [["Multi.Term2Consequences transitive imports (legacy)",
       "0a2cd28cb89c7c2a"],
      ["Multi.Term2Consequences:importAllArts", "ba3251f5e8edf25c"],
      ["Multi.Constructive.Term2Closure transitive imports (legacy)",
       "3447e58f7e055a7f"],
      ["Multi.Constructive.Term2Closure:importAllArts", "16a77eaa9ad949ad"]]]]],
  ["libs",
   [["import dynlibs", "00000000000006bb"],
    ["package external libraries", "00000000000006bb"],
    ["module dynlibs", "00000000000006bb"],
    ["module plugins", "00000000000006bb"]]],
  ["Lean 4.34.0, commit 293d5d0c0c3f3dded4688b3ccd6a33939ac5102b",
   "a1c6c7aa3e9abfe7"],
  ["F:\\projects\\leanprojects\\wellfound\\Multi\\Multi\\Constructive\\Term2.lean",
   "db301f7ff84cd20c"],
  ["options", "00000000000006bb"],
  ["isModule: false", "feefd2a0d3a1847e"],
  ["Module.name: Multi.Constructive.Term2", "6918ce1ff763483e"],
  ["Package.id?: (some Multi)", "11fc43bb8a52a84e"],
  ["Module.leanArgs: #[]", "00000000000006bb"]],
 "depHash": "8ad77d52ed6bb5b1"}