{"synthetic": false,
 "schemaVersion": "2025-09-10",
 "outputs":
 {"o": ["b74e059fc478cc09.olean"],
  "m": false,
  "i": "42aa37fb49ca2839.ilean",
  "c": "13477159d2e889c8.c"},
 "log":
 [{"message":
   ".> LEAN_PATH=F:\\projects\\leanprojects\\wellfound\\Multi\\.lake\\build\\lib\\lean c:\\Users\\Owner\\.elan\\toolchains\\leanprover--lean4---v4.34.0\\bin\\lean.exe F:\\projects\\leanprojects\\wellfound\\Multi\\Multi\\Constructive\\Term2Stages.lean -o F:\\projects\\leanprojects\\wellfound\\Multi\\.lake\\build\\lib\\lean\\Multi\\Constructive\\Term2Stages.olean -i F:\\projects\\leanprojects\\wellfound\\Multi\\.lake\\build\\lib\\lean\\Multi\\Constructive\\Term2Stages.ilean -c F:\\projects\\leanprojects\\wellfound\\Multi\\.lake\\build\\ir\\Multi\\Constructive\\Term2Stages.c --setup F:\\projects\\leanprojects\\wellfound\\Multi\\.lake\\build\\ir\\Multi\\Constructive\\Term2Stages.setup.json --json",
   "level": "trace"}],
 "inputs":
 [["deps",
   [["Multi/Multi:extraDep", [["@Multi:extraDep", "00000000000006bb"]]],
    ["imports",
     [["Multi.Term2Syntax transitive imports (legacy)", "d55358291272c8b5"],
      ["Multi.Term2Syntax:importAllArts", "0db33685494975a5"],
      ["Multi.Constructive.Stages transitive imports (legacy)",
       "00000000000006bb"],
      ["Multi.Constructive.Stages:importAllArts", "567a90829d427188"]]]]],
  ["libs",
   [["import dynlibs", "00000000000006bb"],
    ["package external libraries", "00000000000006bb"],
    ["module dynlibs", "00000000000006bb"],
    ["module plugins", "00000000000006bb"]]],
  ["Lean 4.34.0, commit 293d5d0c0c3f3dded4688b3ccd6a33939ac5102b",
   "a1c6c7aa3e9abfe7"],
  ["F:\\projects\\leanprojects\\wellfound\\Multi\\Multi\\Constructive\\Term2Stages.lean",
   "caeac0e588eb1b48"],
  ["options", "00000000000006bb"],
  ["isModule: false", "feefd2a0d3a1847e"],
  ["Module.name: Multi.Constructive.Term2Stages", "dd2a1f2d32edadd2"],
  ["Package.id?: (some Multi)", "11fc43bb8a52a84e"],
  ["Module.leanArgs: #[]", "00000000000006bb"]],
 "depHash": "596862036d0b76c1"}