{"synthetic": false,
 "schemaVersion": "2025-09-10",
 "outputs":
 {"o": ["08d2eeb95f803637.olean"],
  "m": false,
  "i": "0444a2047ba854e4.ilean",
  "c": "e78f8c1a3dd08010.c"},
 "log":
 [{"message":
   ".> LEAN_PATH=F:\\projects\\leanprojects\\wellfound\\Multi\\.lake\\build\\lib\\lean c:\\Users\\Owner\\.elan\\toolchains\\leanprover--lean4---v4.34.0\\bin\\lean.exe F:\\projects\\leanprojects\\wellfound\\Multi\\Multi\\term3\\Denis\\NormalAddition.lean -o F:\\projects\\leanprojects\\wellfound\\Multi\\.lake\\build\\lib\\lean\\Multi\\term3\\Denis\\NormalAddition.olean -i F:\\projects\\leanprojects\\wellfound\\Multi\\.lake\\build\\lib\\lean\\Multi\\term3\\Denis\\NormalAddition.ilean -c F:\\projects\\leanprojects\\wellfound\\Multi\\.lake\\build\\ir\\Multi\\term3\\Denis\\NormalAddition.c --setup F:\\projects\\leanprojects\\wellfound\\Multi\\.lake\\build\\ir\\Multi\\term3\\Denis\\NormalAddition.setup.json --json",
   "level": "trace"}],
 "inputs":
 [["deps",
   [["Multi/Multi:extraDep", [["@Multi:extraDep", "00000000000006bb"]]],
    ["imports",
     [["Multi.term3.Denis.NormalSuccessors transitive imports (legacy)",
       "9fb477fac9dfddd8"],
      ["Multi.term3.Denis.NormalSuccessors:importAllArts", "984f3f6e36bd0fac"],
      ["Multi.term3.Denis.TransfiniteRules transitive imports (legacy)",
       "35360ee6c86acfc4"],
      ["Multi.term3.Denis.TransfiniteRules:importAllArts",
       "1f5375f7bfb740b6"]]]]],
  ["libs",
   [["import dynlibs", "00000000000006bb"],
    ["package external libraries", "00000000000006bb"],
    ["module dynlibs", "00000000000006bb"],
    ["module plugins", "00000000000006bb"]]],
  ["Lean 4.34.0, commit 293d5d0c0c3f3dded4688b3ccd6a33939ac5102b",
   "a1c6c7aa3e9abfe7"],
  ["F:\\projects\\leanprojects\\wellfound\\Multi\\Multi\\term3\\Denis\\NormalAddition.lean",
   "dffdc266798f954e"],
  ["options", "00000000000006bb"],
  ["isModule: false", "feefd2a0d3a1847e"],
  ["Module.name: Multi.term3.Denis.NormalAddition", "388d0270ab4d9254"],
  ["Package.id?: (some Multi)", "11fc43bb8a52a84e"],
  ["Module.leanArgs: #[]", "00000000000006bb"]],
 "depHash": "a6552edde10d64f6"}