{"synthetic": false,
 "schemaVersion": "2025-09-10",
 "outputs":
 {"o": ["dcb9be6c0393aab7.olean"],
  "m": false,
  "i": "dfaae82863958a1b.ilean",
  "c": "2ec0dc149db17e65.c"},
 "log":
 [{"message":
   ".> LEAN_PATH=F:\\projects\\leanprojects\\wellfound\\Multi\\.lake\\build\\lib\\lean c:\\Users\\Owner\\.elan\\toolchains\\leanprover--lean4---v4.34.0\\bin\\lean.exe F:\\projects\\leanprojects\\wellfound\\Multi\\Multi\\term3\\Denis\\WellDefined.lean -o F:\\projects\\leanprojects\\wellfound\\Multi\\.lake\\build\\lib\\lean\\Multi\\term3\\Denis\\WellDefined.olean -i F:\\projects\\leanprojects\\wellfound\\Multi\\.lake\\build\\lib\\lean\\Multi\\term3\\Denis\\WellDefined.ilean -c F:\\projects\\leanprojects\\wellfound\\Multi\\.lake\\build\\ir\\Multi\\term3\\Denis\\WellDefined.c --setup F:\\projects\\leanprojects\\wellfound\\Multi\\.lake\\build\\ir\\Multi\\term3\\Denis\\WellDefined.setup.json --json",
   "level": "trace"}],
 "inputs":
 [["deps",
   [["Multi/Multi:extraDep", [["@Multi:extraDep", "00000000000006bb"]]],
    ["imports",
     [["Multi.term3.Denis.Collapse transitive imports (legacy)",
       "c3248f8bf647431c"],
      ["Multi.term3.Denis.Collapse:importAllArts", "6501f612ec3cadf6"],
      ["Multi.term3.Denis.Small transitive imports (legacy)",
       "c3248f8bf647431c"],
      ["Multi.term3.Denis.Small:importAllArts", "0ce1e4c2411e0e99"]]]]],
  ["libs",
   [["import dynlibs", "00000000000006bb"],
    ["package external libraries", "00000000000006bb"],
    ["module dynlibs", "00000000000006bb"],
    ["module plugins", "00000000000006bb"]]],
  ["Lean 4.34.0, commit 293d5d0c0c3f3dded4688b3ccd6a33939ac5102b",
   "a1c6c7aa3e9abfe7"],
  ["F:\\projects\\leanprojects\\wellfound\\Multi\\Multi\\term3\\Denis\\WellDefined.lean",
   "9b764dad328fdf17"],
  ["options", "00000000000006bb"],
  ["isModule: false", "feefd2a0d3a1847e"],
  ["Module.name: Multi.term3.Denis.WellDefined", "b90fac0044b722ae"],
  ["Package.id?: (some Multi)", "11fc43bb8a52a84e"],
  ["Module.leanArgs: #[]", "00000000000006bb"]],
 "depHash": "3c2d29b0a2e69c7e"}